2025-08-21 23:34:51,636 - INFO - Training completed successfully.
2025-08-21 23:34:51,959 - INFO - No trades executed.
2025-08-21 23:38:03,269 - INFO - Training completed successfully.
2025-08-21 23:38:03,600 - INFO - No trades executed.
2025-08-21 23:38:30,848 - INFO - Training completed successfully.
2025-08-21 23:38:31,380 - INFO - Final Capital: $9705.76, Profit: $-294.24 (-2.94%)
2025-08-21 23:38:31,380 - INFO - Total Trades: 11, Types: {'Buy': 10, 'Sell': 1}, Fees: $10.21, Win Rate: 0.00%
2025-08-21 23:38:31,380 - INFO - Trade Log:
Buy 7.72 at 129.50, Fee: 1.00
Stop-Loss Sell 7.72 at 118.71, Fee: 0.92
Buy 7.92 at 125.16, Fee: 0.99
Stop-Loss Sell 7.92 at 119.60, Fee: 0.95
Buy 7.10 at 138.94, Fee: 0.99
Stop-Loss Sell 7.10 at 121.10, Fee: 0.86
Buy 7.35 at 132.55, Fee: 0.97
Stop-Loss Sell 7.35 at 113.81, Fee: 0.84
Buy 7.52 at 127.74, Fee: 0.96
Stop-Loss Sell 7.52 at 152.77, Fee: 1.15
Buy 10.46 at 93.58, Fee: 0.98
Stop-Loss Sell 10.46 at 72.21, Fee: 0.76
Buy 10.65 at 89.82, Fee: 0.96
Stop-Loss Sell 10.65 at 82.68, Fee: 0.88
Buy 11.05 at 85.84, Fee: 0.95
Stop-Loss Sell 11.05 at 77.00, Fee: 0.85
Buy 10.07 at 93.18, Fee: 0.94
Sell 5.04 at 104.44, Fee: 0.53
Stop-Loss Sell 5.04 at 95.27, Fee: 0.48
Buy 9.61 at 98.28, Fee: 0.94
2025-08-21 23:39:47,591 - INFO - Training completed successfully.
2025-08-21 23:39:48,115 - INFO - Final Capital: $9729.20, Profit: $-270.80 (-2.71%)
2025-08-21 23:39:48,115 - INFO - Total Trades: 5, Types: {'Buy': 5}, Fees: $4.98, Win Rate: 0.00%
2025-08-21 23:39:48,115 - INFO - Trade Log:
Buy 7.99 at 125.16, Fee: 1.00
Stop-Loss Sell 7.99 at 119.60, Fee: 0.96
Buy 7.79 at 127.74, Fee: 1.00
Stop-Loss Sell 7.79 at 152.77, Fee: 1.19
Buy 10.84 at 93.58, Fee: 1.01
Stop-Loss Sell 10.84 at 72.21, Fee: 0.78
Buy 11.04 at 89.82, Fee: 0.99
Stop-Loss Sell 11.04 at 82.68, Fee: 0.91
Buy 11.45 at 85.84, Fee: 0.98
Stop-Loss Sell 11.45 at 77.00, Fee: 0.88
2025-08-21 23:43:58,623 - INFO - Training completed successfully.
2025-08-21 23:43:59,339 - INFO - Final Capital: $8855.61, Profit: $-1144.39 (-11.44%)
2025-08-21 23:43:59,340 - INFO - Total Trades: 10, Types: {'Buy': 10}, Fees: $9.20, Win Rate: 0.00%
2025-08-21 23:43:59,340 - INFO - Trade Log:
Buy 18.00 at 55.57, Fee: 1.00
Stop-Loss Sell 18.00 at 43.25, Fee: 0.78
Buy 25.07 at 39.00, Fee: 0.98
Stop-Loss Sell 25.07 at 18.53, Fee: 0.46
Buy 9.94 at 93.17, Fee: 0.93
Stop-Loss Sell 9.94 at 75.26, Fee: 0.75
Buy 11.93 at 76.10, Fee: 0.91
Stop-Loss Sell 11.93 at 65.76, Fee: 0.78
Buy 13.38 at 66.95, Fee: 0.90
Stop-Loss Sell 13.38 at 78.76, Fee: 1.05
Buy 5.91 at 154.23, Fee: 0.91
Stop-Loss Sell 5.91 at 141.86, Fee: 0.84
Buy 5.86 at 154.20, Fee: 0.90
Stop-Loss Sell 5.86 at 149.52, Fee: 0.88
Buy 6.88 at 130.98, Fee: 0.90
Stop-Loss Sell 6.88 at 114.02, Fee: 0.78
Buy 6.93 at 128.24, Fee: 0.89
Stop-Loss Sell 6.93 at 115.41, Fee: 0.80
Buy 6.77 at 129.96, Fee: 0.88
Stop-Loss Sell 6.77 at 138.44, Fee: 0.94
2025-08-21 23:45:21,745 - INFO - Training completed successfully.
2025-08-21 23:45:22,442 - INFO - Final Capital: $9172.77, Profit: $-827.23 (-8.27%)
2025-08-21 23:45:22,442 - INFO - Total Trades: 12, Types: {'Buy': 10, 'Sell': 2}, Fees: $10.12, Win Rate: 100.00%
2025-08-21 23:45:22,442 - INFO - Trade Log:
Buy 18.00 at 55.57, Fee: 1.00
Stop-Loss Sell 18.00 at 43.25, Fee: 0.78
Buy 25.07 at 39.00, Fee: 0.98
Stop-Loss Sell 25.07 at 18.53, Fee: 0.46
Buy 9.94 at 93.17, Fee: 0.93
Stop-Loss Sell 9.94 at 75.26, Fee: 0.75
Buy 11.93 at 76.10, Fee: 0.91
Stop-Loss Sell 11.93 at 65.76, Fee: 0.78
Buy 13.38 at 66.95, Fee: 0.90
Sell 6.69 at 80.22, Fee: 0.54
Sell 3.34 at 93.13, Fee: 0.31
Stop-Loss Sell 3.34 at 78.76, Fee: 0.26
Buy 6.26 at 146.53, Fee: 0.92
Stop-Loss Sell 6.26 at 149.52, Fee: 0.94
Buy 7.01 at 130.98, Fee: 0.92
Stop-Loss Sell 7.01 at 114.02, Fee: 0.80
Buy 7.07 at 128.24, Fee: 0.91
Stop-Loss Sell 7.07 at 115.41, Fee: 0.82
Buy 6.91 at 129.96, Fee: 0.90
Stop-Loss Sell 6.91 at 138.44, Fee: 0.96
Buy 6.53 at 138.23, Fee: 0.90
2025-08-21 23:51:42,105 - INFO - Training completed successfully.
2025-08-21 23:51:42,886 - INFO - Final Capital: $1894653608034635215977934880038191104.00, Profit: $1894653608034635215977934880038191104.00 (18946536080346350960740984009261056.00%)
2025-08-21 23:51:42,886 - INFO - Total Trades: 184, Types: {'Arbitrage': 176, 'Buy': 2, 'Sell': 6}, Fees: $668104992199119835977244892725248.00, Win Rate: 97.80%
2025-08-21 23:51:42,886 - INFO - Trade Log:
Arbitrage: Buy 21.02 on A at 47.57, Sell on B at 215.79, Profit: 3534.10
Arbitrage: Buy 20.37 on A at 66.43, Sell on B at 211.41, Profit: 2950.31
Arbitrage: Buy 24.73 on A at 66.63, Sell on B at 212.01, Profit: 3592.14
Arbitrage: Buy 35.59 on A at 56.39, Sell on B at 201.71, Profit: 5167.57
Arbitrage: Buy 38.85 on A at 64.95, Sell on B at 216.64, Profit: 5887.64
Arbitrage: Buy 58.62 on A at 53.07, Sell on B at 218.89, Profit: 9714.11
Arbitrage: Buy 73.55 on A at 55.50, Sell on B at 207.22, Profit: 11150.66
Arbitrage: Buy 143.39 on A at 36.23, Sell on B at 208.55, Profit: 24697.87
Arbitrage: Buy 329.08 on A at 23.29, Sell on B at 216.71, Profit: 63636.49
Arbitrage: Buy 547.90 on A at 25.59, Sell on B at 211.60, Profit: 101885.71
Arbitrage: Buy 726.51 on A at 33.31, Sell on B at 204.62, Profit: 124412.71
Arbitrage: Buy 1035.96 on A at 35.36, Sell on B at 206.38, Profit: 177103.58
Arbitrage: Buy 1572.94 on A at 34.53, Sell on B at 204.72, Profit: 267576.31
Arbitrage: Buy 2544.18 on A at 31.86, Sell on B at 198.33, Profit: 423378.86
Arbitrage: Buy 7086.18 on A at 17.41, Sell on B at 196.98, Profit: 1272276.11
Arbitrage: Buy 23755.68 on A at 10.54, Sell on B at 194.69, Profit: 4373949.49
Arbitrage: Buy 109622.31 on A at 6.27, Sell on B at 178.87, Profit: 18919857.88
Arbitrage: Buy 150061.04 on A at 17.18, Sell on B at 164.12, Profit: 22044764.69
Arbitrage: Buy 228184.38 on A at 20.95, Sell on B at 157.64, Profit: 31181649.37
Arbitrage: Buy 2162366.33 on A at 3.65, Sell on B at 160.04, Profit: 338151253.88
Arbitrage: Buy 5767287.84 on A at 7.23, Sell on B at 161.95, Profit: 892226730.04
Arbitrage: Buy 35259399.11 on A at 3.71, Sell on B at 175.50, Profit: 6057059980.86
Arbitrage: Buy 197487601.78 on A at 3.73, Sell on B at 185.05, Profit: 35806972907.45
Arbitrage: Buy 300124235.63 on A at 14.37, Sell on B at 182.44, Profit: 50432010012.61
Arbitrage: Buy 389339779.21 on A at 24.02, Sell on B at 172.27, Profit: 57701758793.57
Arbitrage: Buy 947072615.69 on A at 15.96, Sell on B at 168.83, Profit: 144746646409.51
Arbitrage: Buy 2240139261.64 on A at 13.20, Sell on B at 163.04, Profit: 335596989179.61
Arbitrage: Buy 3744979835.07 on A at 16.85, Sell on B at 166.59, Profit: 560629868428.93
Arbitrage: Buy 4421323208.15 on A at 26.94, Sell on B at 157.84, Profit: 578499278760.23
Arbitrage: Buy 7868437762.11 on A at 22.48, Sell on B at 167.51, Profit: 1140810174915.88
Arbitrage: Buy 13877149644.23 on A at 20.96, Sell on B at 181.80, Profit: 2231397964191.83
Arbitrage: Buy 50216948205.73 on A at 10.23, Sell on B at 181.85, Profit: 8617210854531.45
Arbitrage: Buy 194615487409.28 on A at 7.06, Sell on B at 189.89, Profit: 35578618805679.15
Arbitrage: Buy 235157111731.35 on A at 20.96, Sell on B at 187.85, Profit: 39235473977716.77
Arbitrage: Buy 430072989889.68 on A at 20.57, Sell on B at 187.21, Profit: 71645890698406.28
Arbitrage: Buy 517250817539.95 on A at 30.94, Sell on B at 192.28, Profit: 83417365966395.62
Arbitrage: Buy 697500231859.61 on A at 34.90, Sell on B at 190.07, Profit: 108189092066066.77
Arbitrage: Buy 1221313653237.57 on A at 28.78, Sell on B at 181.83, Profit: 186847960333306.41
Arbitrage: Buy 1644326489475.91 on A at 32.73, Sell on B at 178.26, Profit: 239193725139231.34
Arbitrage: Buy 1604178332077.54 on A at 48.44, Sell on B at 188.54, Profit: 224589791851057.12
Arbitrage: Buy 2068360812343.06 on A at 48.42, Sell on B at 203.41, Profit: 320378132052858.56
Arbitrage: Buy 2052079734300.03 on A at 64.40, Sell on B at 214.29, Profit: 307325334672848.56
Arbitrage: Buy 4226030507529.55 on A at 38.54, Sell on B at 231.83, Profit: 816530915361128.25
Arbitrage: Buy 5190671897539.71 on A at 47.09, Sell on B at 226.99, Profit: 933306818077568.75
Arbitrage: Buy 6991781661761.02 on A at 48.29, Sell on B at 233.14, Profit: 1291759681973031.25
Arbitrage: Buy 10226208283251.09 on A at 45.64, Sell on B at 239.29, Profit: 1979419186934742.50
Arbitrage: Buy 14170290830065.59 on A at 46.89, Sell on B at 258.58, Profit: 2998329658994156.50
Arbitrage: Buy 35247189263643.02 on A at 27.35, Sell on B at 247.74, Profit: 7766060269152506.00
Arbitrage: Buy 68262790101830.01 on A at 25.49, Sell on B at 235.04, Profit: 14301058402387030.00
Arbitrage: Buy 107798950532006.73 on A at 29.39, Sell on B at 229.10, Profit: 21521830098210568.00
Arbitrage: Buy 119501261525359.00 on A at 44.51, Sell on B at 208.84, Profit: 19627861101921132.00
Arbitrage: Buy 183554229280236.28 on A at 39.66, Sell on B at 199.58, Profit: 29339323545706200.00
Arbitrage: Buy 320000776025422.31 on A at 31.91, Sell on B at 195.08, Profit: 52193557358617912.00
Arbitrage: Buy 566574010532834.62 on A at 27.22, Sell on B at 196.45, Profit: 95846324847105392.00
Arbitrage: Buy 680952368165748.38 on A at 36.71, Sell on B at 200.44, Profit: 111442416363710352.00
Arbitrage: Buy 895823065913927.38 on A at 40.33, Sell on B at 218.95, Profit: 159932437965070624.00
Arbitrage: Buy 1473220604843336.25 on A at 35.37, Sell on B at 227.79, Profit: 283374980144537952.00
Arbitrage: Buy 1969195445496017.75 on A at 40.84, Sell on B at 222.95, Profit: 358461379922110592.00
Arbitrage: Buy 2757925675200735.50 on A at 42.14, Sell on B at 210.86, Profit: 465067088748179136.00
Arbitrage: Buy 3118769543723791.50 on A at 52.16, Sell on B at 212.93, Profit: 501065525378967360.00
Arbitrage: Buy 4677939070016755.00 on A at 45.48, Sell on B at 203.68, Profit: 739632282493555712.00
Arbitrage: Buy 6738587922985529.00 on A at 42.54, Sell on B at 226.79, Profit: 1241038738105099264.00
Arbitrage: Buy 10542170570917410.00 on A at 38.95, Sell on B at 237.65, Profit: 2093935576884385536.00
Arbitrage: Buy 25144951340308716.00 on A at 24.65, Sell on B at 231.00, Profit: 5187507851221883904.00
Arbitrage: Buy 40724402287863696.00 on A at 27.94, Sell on B at 215.65, Profit: 7641730776278054912.00
Arbitrage: Buy 61555794787599536.00 on A at 30.89, Sell on B at 228.61, Profit: 12166787862548645888.00
Arbitrage: Buy 99660237564370128.00 on A at 31.28, Sell on B at 223.05, Profit: 19105982708070834176.00
Arbitrage: Buy 171733663463049664.00 on A at 29.26, Sell on B at 232.32, Profit: 34862066426537070592.00
Arbitrage: Buy 550892383779266240.00 on A at 15.44, Sell on B at 218.87, Profit: 112050169218061582336.00
Arbitrage: Buy 1702481847604860928.00 on A at 11.57, Sell on B at 214.80, Profit: 345956656177821777920.00
Arbitrage: Buy 6399044000460875776.00 on A at 8.48, Sell on B at 210.46, Profit: 1292376384994022785024.00
Arbitrage: Buy 231657107595447828480.00 on A at 0.79, Sell on B at 208.48, Profit: 48113248163601554866176.00
Arbitrage: Buy 1283369539057208000512.00 on A at 3.89, Sell on B at 209.91, Profit: 264393800219709927325696.00
Arbitrage: Buy 1360347162428558016512.00 on A at 23.08, Sell on B at 194.77, Profit: 233484518811342938832896.00
Arbitrage: Buy 2174794038644443709440.00 on A at 25.16, Sell on B at 189.72, Profit: 357760867331907652681728.00
Arbitrage: Buy 3222422694162833866752.00 on A at 28.07, Sell on B at 194.25, Profit: 535322153919556947542016.00
Arbitrage: Buy 5203290651585632272384.00 on A at 27.66, Sell on B at 196.52, Profit: 878311508621685826781184.00
Arbitrage: Buy 26294596044734983045120.00 on A at 8.81, Sell on B at 205.50, Profit: 5171312681822133248065536.00
Arbitrage: Buy 84262498243741239738368.00 on A at 8.88, Sell on B at 191.97, Profit: 15425823971924503957602304.00
Arbitrage: Buy 233192901137017723682816.00 on A at 9.82, Sell on B at 172.95, Profit: 38037906574497172795949056.00
Arbitrage: Buy 175059977136899817996288.00 on A at 34.78, Sell on B at 183.50, Profit: 26021599078622832592158720.00
Arbitrage: Buy 261752167699586144534528.00 on A at 33.20, Sell on B at 189.38, Profit: 40863833618705886046322688.00
Arbitrage: Buy 349464438936952668946432.00 on A at 36.55, Sell on B at 185.78, Profit: 52128363163165127379779584.00
Arbitrage: Buy 492133869020019978928128.00 on A at 36.53, Sell on B at 204.93, Profit: 82839561752802385629020160.00
Arbitrage: Buy 1042671206576034737553408.00 on A at 25.18, Sell on B at 205.40, Profit: 187853232509299132804890624.00
Arbitrage: Buy 1218671638269932871876608.00 on A at 36.94, Sell on B at 219.20, Profit: 222026652517516584408842240.00
Arbitrage: Buy 1500150912944270148108288.00 on A at 44.80, Sell on B at 217.26, Profit: 258592142243838530794029056.00
Arbitrage: Buy 1754009000400110181416960.00 on A at 53.04, Sell on B at 236.14, Profit: 320965346419938977038467072.00
Arbitrage: Buy 2825070373152330440769536.00 on A at 44.28, Sell on B at 257.99, Profit: 603485110021858450391171072.00
Arbitrage: Buy 3161222494431611373748224.00 on A at 58.64, Sell on B at 250.96, Profit: 607591503749923848797028352.00
Arbitrage: Buy 5473420178966461380820992.00 on A at 44.96, Sell on B at 256.87, Profit: 1159369516589363078048514048.00
Arbitrage: Buy 7073580233522624071729152.00 on A at 51.16, Sell on B at 260.74, Profit: 1481701117757422333717381120.00
Arbitrage: Buy 6947051082835206044909568.00 on A at 73.40, Sell on B at 270.02, Profit: 1364903509084256924988342272.00
Arbitrage: Buy 10124858430242051839754240.00 on A at 63.83, Sell on B at 257.52, Profit: 1959787676063802888338538496.00
Arbitrage: Buy 14393605024226943462014976.00 on A at 58.50, Sell on B at 265.55, Profit: 2978418995674860291352428544.00
Arbitrage: Buy 19046278374581899544756224.00 on A at 59.83, Sell on B at 275.68, Profit: 4108774828518763312512499712.00
Arbitrage: Buy 28115010781538598137102336.00 on A at 55.13, Sell on B at 262.35, Profit: 5822881378751681760851918848.00
Arbitrage: Buy 53346289617071707372126208.00 on A at 39.96, Sell on B at 254.03, Profit: 11415474945452942298613547008.00
Arbitrage: Buy 79845918001813924580687872.00 on A at 40.98, Sell on B at 232.39, Profit: 15276628281076549803256578048.00
Arbitrage: Buy 156334418279263421243326464.00 on A at 30.69, Sell on B at 227.62, Profit: 30777577743026688692922089472.00
Arbitrage: Buy 220143454982882028909756416.00 on A at 35.76, Sell on B at 233.93, Profit: 43609629160869736806262767616.00
Arbitrage: Buy 454577077123254842671759360.00 on A at 26.90, Sell on B at 250.19, Profit: 101477466816568335768003543040.00
Arbitrage: Buy 523367930016117087384109056.00 on A at 42.74, Sell on B at 248.95, Profit: 107879460136675156911479324672.00
Arbitrage: Buy 940559930895868732454731776.00 on A at 35.24, Sell on B at 266.81, Profit: 217740228615971686428373417984.00
Arbitrage: Buy 1696811733647955082080157696.00 on A at 32.35, Sell on B at 252.44, Profit: 373332742055585317288161574912.00
Arbitrage: Buy 2258380219804897913488801792.00 on A at 40.82, Sell on B at 236.26, Profit: 441185118643688277687278764032.00
Arbitrage: Buy 4723581651739671166344757248.00 on A at 28.85, Sell on B at 235.40, Profit: 975386773293401743560785526784.00
Arbitrage: Buy 7429381732184124148013858816.00 on A at 31.46, Sell on B at 237.52, Profit: 1530441810437258352126702125056.00
Arbitrage: Buy 8617299577688643203904831488.00 on A at 44.86, Sell on B at 242.01, Profit: 1698106864128618888696124407808.00
Arbitrage: Buy 19099838688791893618532024320.00 on A at 29.12, Sell on B at 224.31, Profit: 3726872051007990478308005380096.00
Arbitrage: Buy 29662916448229331968641204224.00 on A at 31.30, Sell on B at 220.15, Profit: 5599915767376343640125462282240.00
Arbitrage: Buy 43461567242426820268285493248.00 on A at 34.24, Sell on B at 211.13, Profit: 7684889990853360972796685975552.00
Arbitrage: Buy 53213797452793587306502029312.00 on A at 42.39, Sell on B at 218.03, Profit: 9342047400843017885760761102336.00
Arbitrage: Buy 105057994250904608211411664896.00 on A at 30.35, Sell on B at 225.98, Profit: 20545345791040195274734357708800.00
Arbitrage: Buy 299780401048628639405365526528.00 on A at 17.48, Sell on B at 219.91, Profit: 60673157024909734764902214533120.00
Arbitrage: Buy 490607443778499178932855635968.00 on A at 23.04, Sell on B at 214.36, Profit: 93840914022701243168756898725888.00
Arbitrage: Buy 784945516539330272625684381696.00 on A at 26.34, Sell on B at 199.33, Profit: 135741453954381946103294725193728.00
Arbitrage: Buy 1173262583897819026893058342912.00 on A at 29.18, Sell on B at 196.72, Profit: 196498518986526607713384733343744.00
Arbitrage: Buy 1633319971886240151033631211520.00 on A at 32.98, Sell on B at 207.02, Profit: 284158659637252159355109156847616.00
Arbitrage: Buy 3102231265331964359055702491136.00 on A at 26.51, Sell on B at 198.83, Profit: 534411494292547295493169084366848.00
Arbitrage: Buy 4649782297554115181219682451456.00 on A at 29.17, Sell on B at 201.79, Profit: 802358549085755570922319832416256.00
Arbitrage: Buy 6652833326136502897653346992128.00 on A at 32.44, Sell on B at 193.21, Profit: 1069190374882933867334334129635328.00
Arbitrage: Buy 12588185718550044559318278209536.00 on A at 25.63, Sell on B at 188.97, Profit: 2055521575998107964641608571289600.00
Arbitrage: Buy 11832235195382138174587315159040.00 on A at 44.62, Sell on B at 193.08, Profit: 1755521864262978448823190760194048.00
Arbitrage: Buy 14153570748184432064546977349632.00 on A at 49.69, Sell on B at 183.32, Profit: 1889837598440372882229572675829760.00
Arbitrage: Buy 23406567990622135514091220893696.00 on A at 38.11, Sell on B at 174.83, Profit: 3198278710374012587683488754302976.00
Arbitrage: Buy 26916617284070318162293553102848.00 on A at 45.01, Sell on B at 160.91, Profit: 3117083790686281823321279296438272.00
Arbitrage: Buy 42779331930312761059089217224704.00 on A at 35.60, Sell on B at 176.08, Profit: 6006303015073566467813210452918272.00
Arbitrage: Buy 48463589382245499283830340583424.00 on A at 43.81, Sell on B at 180.91, Profit: 6640013319625375959358744077271040.00
Arbitrage: Buy 50000190245107530796303464267776.00 on A at 55.73, Sell on B at 170.42, Profit: 5729062231338469301628130144813056.00
Arbitrage: Buy 70185019009305923317417604284416.00 on A at 47.86, Sell on B at 173.66, Profit: 8822842264395936120747245464190976.00
Arbitrage: Buy 73328757516844919653914378240000.00 on A at 57.82, Sell on B at 170.61, Profit: 8262091493858281023215423952257024.00
Arbitrage: Buy 81326885219097893427401101148160.00 on A at 62.29, Sell on B at 169.28, Profit: 8691181769794949012516653892632576.00
Arbitrage: Buy 83761812793516823061663628394496.00 on A at 70.84, Sell on B at 177.27, Profit: 8902659777946863127430621661495296.00
Arbitrage: Buy 75692131429816878827442551128064.00 on A at 90.14, Sell on B at 188.47, Profit: 7429287490883375099584303186575360.00
Arbitrage: Buy 85946270063379019912005382307840.00 on A at 88.02, Sell on B at 180.57, Profit: 7938745725953726921321599058575360.00
Arbitrage: Buy 103418754667658422761232837640192.00 on A at 80.82, Sell on B at 170.25, Profit: 9232424823751877764572479943081984.00
Arbitrage: Buy 128434639726278010388446521065472.00 on A at 72.26, Sell on B at 164.21, Profit: 11790666488798663041033978182107136.00
Arbitrage: Buy 162308465553065994777439483461632.00 on A at 64.44, Sell on B at 145.52, Profit: 13140100423005922996183979444404224.00
Arbitrage: Buy 183926468830908775184376061231104.00 on A at 64.00, Sell on B at 134.44, Profit: 12933058076202251842314063675654144.00
Arbitrage: Buy 192827770029208634382398001250304.00 on A at 67.75, Sell on B at 149.42, Profit: 15723238343347416359306862549532672.00
Arbitrage: Buy 206557589200138558950832634593280.00 on A at 70.85, Sell on B at 167.21, Profit: 19875396005176596908563237852676096.00
Arbitrage: Buy 209173662861202378179063626858496.00 on A at 79.45, Sell on B at 166.71, Profit: 18217565528981158653183661103382528.00
Arbitrage: Buy 230730447085856464754245778800640.00 on A at 79.92, Sell on B at 169.56, Profit: 20646072421447950940415596263636992.00
Arbitrage: Buy 216294276525940375718249191440384.00 on A at 94.79, Sell on B at 177.15, Profit: 17773526431256901789047620018110464.00
Arbitrage: Buy 240902556424117638589604580818944.00 on A at 92.48, Sell on B at 207.46, Profit: 27655757744137918946527520873250816.00
Arbitrage: Buy 208649750445872111413719421943808.00 on A at 120.01, Sell on B at 217.82, Profit: 20358158397341373643609251120152576.00
Arbitrage: Buy 213851356920612038705667228303360.00 on A at 126.60, Sell on B at 217.07, Profit: 19291769293759347373850317840973824.00
Arbitrage: Buy 245015426871391313702985939288064.00 on A at 118.37, Sell on B at 203.32, Profit: 20756094716002502605853590919577600.00
Arbitrage: Buy 287754329291248871639650265989120.00 on A at 107.99, Sell on B at 184.25, Profit: 21881260537044631550131716069785600.00
Arbitrage: Buy 293952772494161769157847112744960.00 on A at 113.15, Sell on B at 189.00, Profit: 22229118500589085154393970677121024.00
Arbitrage: Buy 318934659859015958780323288842240.00 on A at 111.25, Sell on B at 177.60, Profit: 21089331668619153960366358227058688.00
Arbitrage: Buy 316601155336812612377883290107904.00 on A at 118.72, Sell on B at 164.74, Profit: 14493472751129843904389692837068800.00
Arbitrage: Buy 315338776208853998333087195332608.00 on A at 123.79, Sell on B at 156.06, Profit: 10098277852587820979507643050622976.00
Arbitrage: Buy 324520487643017548020604947398656.00 on A at 123.40, Sell on B at 144.47, Profit: 6759806254680964234704631378214912.00
Arbitrage: Buy 353278555986832498020159529680896.00 on A at 115.26, Sell on B at 159.57, Profit: 15569938045767455851913351085948928.00
Arbitrage: Buy 420863252135246463149993822781440.00 on A at 100.45, Sell on B at 167.28, Profit: 28039559650760351420822817406451712.00
Arbitrage: Buy 467993868777044793169297146904576.00 on A at 96.32, Sell on B at 169.72, Profit: 34260924902720098080132820348436480.00
Arbitrage: Buy 460944165976737931413613206044672.00 on A at 105.22, Sell on B at 182.83, Profit: 35675666719575092883575383733043200.00
Arbitrage: Buy 483442977387877537625354170007552.00 on A at 107.69, Sell on B at 184.60, Profit: 37074651449639272012009302397026304.00
Arbitrage: Buy 583520880352465780941956566745088.00 on A at 95.57, Sell on B at 176.08, Profit: 46867273398365882405974209099464704.00
Arbitrage: Buy 619125548782886503923745210499072.00 on A at 97.64, Sell on B at 193.28, Profit: 59095586200948840074053730544123904.00
Arbitrage: Buy 651642050004769447498375011237888.00 on A at 101.82, Sell on B at 203.37, Profit: 66041271994846971786927556161175552.00
Arbitrage: Buy 781722637337276497043166119067648.00 on A at 93.32, Sell on B at 195.66, Profit: 79856700709331402926218729817636864.00
Arbitrage: Buy 850158241199126649637302584737792.00 on A at 95.19, Sell on B at 191.24, Profit: 81495997514899704381569749351399424.00
Arbitrage: Buy 926761593079402151430240421806080.00 on A at 96.11, Sell on B at 178.13, Profit: 75838316188000351306312125685694464.00
Arbitrage: Buy 1136833378913262438160782795472896.00 on A at 85.01, Sell on B at 162.26, Profit: 87624915336624464052947100224192512.00
Arbitrage: Buy 1185256475697560711133483646320640.00 on A at 88.93, Sell on B at 172.81, Profit: 99211798486053495868819505386881024.00
Arbitrage: Buy 1215489007152623108783151347924992.00 on A at 94.87, Sell on B at 187.75, Profit: 112668069696255425497715443643711488.00
Arbitrage: Buy 1193652659125233411799430117457920.00 on A at 106.03, Sell on B at 174.06, Profit: 80952042110721785764220489516974080.00
Arbitrage: Buy 1151816510211436702535361591508992.00 on A at 116.91, Sell on B at 181.00, Profit: 73551678747076844852144846349008896.00
Arbitrage: Buy 1372482588949274621511364146888704.00 on A at 103.46, Sell on B at 173.17, Profit: 95383018786062625089770090842292224.00
Arbitrage: Buy 1604863128042261785249782213640192.00 on A at 94.42, Sell on B at 171.34, Profit: 123142611556208703181055126140878848.00
Arbitrage: Buy 1639892357864804654681784548589568.00 on A at 99.90, Sell on B at 161.82, Profit: 101200435481653766554317458046451712.00
Arbitrage: Buy 1650671770094726829257891761881088.00 on A at 105.38, Sell on B at 149.26, Profit: 72091932566010767116444669929586688.00
Arbitrage: Buy 1633967456753432126238470424231936.00 on A at 110.86, Sell on B at 152.36, Profit: 67450105056715607576458589535993856.00
Buy 1085198750514341579225262437957632.00 at 171.59, Fee: 186211417990706517847850998562816.00
Sell 542599375257170789612631218978816.00 at 177.22, Fee: 96159641246694494195464382971904.00
Stop-Loss Sell 542599375257170789612631218978816.00 at 165.15, Fee: 89609110384363726329703504543744.00
Buy 1204479201880510621747079668563968.00 at 155.92, Fee: 187800494608801818994265934528512.00
Sell 602239600940255310873539834281984.00 at 168.56, Fee: 101515346760930312880118655090688.00
Sell 301119800470127655436769917140992.00 at 178.18, Fee: 53654769588671482881009908711424.00
Sell 150559900235063827718384958570496.00 at 159.54, Fee: 24019869199888752865180538372096.00
Sell 75279950117531913859192479285248.00 at 164.85, Fee: 12410131146661231866282848026624.00
Sell 37639975058765956929596239642624.00 at 168.26, Fee: 6333321656765272860767620694016.00
2025-08-21 23:53:28,747 - INFO - Training completed successfully.
2025-08-21 23:53:29,504 - INFO - Final Capital: $1900693362371558415287950691121758208.00, Profit: $1900693362371558415287950691121758208.00 (19006933623715586366488795756363776.00%)
2025-08-21 23:53:29,504 - INFO - Total Trades: 188, Types: {'Arbitrage': 176, 'Buy': 2, 'Sell': 10}, Fees: $760186513269649458546666545086464.00, Win Rate: 95.70%
2025-08-21 23:53:29,504 - INFO - Trade Log:
Arbitrage: Buy 21.02 on A at 47.57, Sell on B at 215.79, Profit: 3534.10
Arbitrage: Buy 20.37 on A at 66.43, Sell on B at 211.41, Profit: 2950.31
Arbitrage: Buy 24.73 on A at 66.63, Sell on B at 212.01, Profit: 3592.14
Arbitrage: Buy 35.59 on A at 56.39, Sell on B at 201.71, Profit: 5167.57
Arbitrage: Buy 38.85 on A at 64.95, Sell on B at 216.64, Profit: 5887.64
Arbitrage: Buy 58.62 on A at 53.07, Sell on B at 218.89, Profit: 9714.11
Arbitrage: Buy 73.55 on A at 55.50, Sell on B at 207.22, Profit: 11150.66
Arbitrage: Buy 143.39 on A at 36.23, Sell on B at 208.55, Profit: 24697.87
Arbitrage: Buy 329.08 on A at 23.29, Sell on B at 216.71, Profit: 63636.49
Arbitrage: Buy 547.90 on A at 25.59, Sell on B at 211.60, Profit: 101885.71
Arbitrage: Buy 726.51 on A at 33.31, Sell on B at 204.62, Profit: 124412.71
Arbitrage: Buy 1035.96 on A at 35.36, Sell on B at 206.38, Profit: 177103.58
Arbitrage: Buy 1572.94 on A at 34.53, Sell on B at 204.72, Profit: 267576.31
Arbitrage: Buy 2544.18 on A at 31.86, Sell on B at 198.33, Profit: 423378.86
Arbitrage: Buy 7086.18 on A at 17.41, Sell on B at 196.98, Profit: 1272276.11
Arbitrage: Buy 23755.68 on A at 10.54, Sell on B at 194.69, Profit: 4373949.49
Arbitrage: Buy 109622.31 on A at 6.27, Sell on B at 178.87, Profit: 18919857.88
Arbitrage: Buy 150061.04 on A at 17.18, Sell on B at 164.12, Profit: 22044764.69
Arbitrage: Buy 228184.38 on A at 20.95, Sell on B at 157.64, Profit: 31181649.37
Arbitrage: Buy 2162366.33 on A at 3.65, Sell on B at 160.04, Profit: 338151253.88
Arbitrage: Buy 5767287.84 on A at 7.23, Sell on B at 161.95, Profit: 892226730.04
Arbitrage: Buy 35259399.11 on A at 3.71, Sell on B at 175.50, Profit: 6057059980.86
Arbitrage: Buy 197487601.78 on A at 3.73, Sell on B at 185.05, Profit: 35806972907.45
Arbitrage: Buy 300124235.63 on A at 14.37, Sell on B at 182.44, Profit: 50432010012.61
Arbitrage: Buy 389339779.21 on A at 24.02, Sell on B at 172.27, Profit: 57701758793.57
Arbitrage: Buy 947072615.69 on A at 15.96, Sell on B at 168.83, Profit: 144746646409.51
Arbitrage: Buy 2240139261.64 on A at 13.20, Sell on B at 163.04, Profit: 335596989179.61
Arbitrage: Buy 3744979835.07 on A at 16.85, Sell on B at 166.59, Profit: 560629868428.93
Arbitrage: Buy 4421323208.15 on A at 26.94, Sell on B at 157.84, Profit: 578499278760.23
Arbitrage: Buy 7868437762.11 on A at 22.48, Sell on B at 167.51, Profit: 1140810174915.88
Arbitrage: Buy 13877149644.23 on A at 20.96, Sell on B at 181.80, Profit: 2231397964191.83
Arbitrage: Buy 50216948205.73 on A at 10.23, Sell on B at 181.85, Profit: 8617210854531.45
Arbitrage: Buy 194615487409.28 on A at 7.06, Sell on B at 189.89, Profit: 35578618805679.15
Arbitrage: Buy 235157111731.35 on A at 20.96, Sell on B at 187.85, Profit: 39235473977716.77
Arbitrage: Buy 430072989889.68 on A at 20.57, Sell on B at 187.21, Profit: 71645890698406.28
Arbitrage: Buy 517250817539.95 on A at 30.94, Sell on B at 192.28, Profit: 83417365966395.62
Arbitrage: Buy 697500231859.61 on A at 34.90, Sell on B at 190.07, Profit: 108189092066066.77
Arbitrage: Buy 1221313653237.57 on A at 28.78, Sell on B at 181.83, Profit: 186847960333306.41
Arbitrage: Buy 1644326489475.91 on A at 32.73, Sell on B at 178.26, Profit: 239193725139231.34
Arbitrage: Buy 1604178332077.54 on A at 48.44, Sell on B at 188.54, Profit: 224589791851057.12
Arbitrage: Buy 2068360812343.06 on A at 48.42, Sell on B at 203.41, Profit: 320378132052858.56
Arbitrage: Buy 2052079734300.03 on A at 64.40, Sell on B at 214.29, Profit: 307325334672848.56
Arbitrage: Buy 4226030507529.55 on A at 38.54, Sell on B at 231.83, Profit: 816530915361128.25
Arbitrage: Buy 5190671897539.71 on A at 47.09, Sell on B at 226.99, Profit: 933306818077568.75
Arbitrage: Buy 6991781661761.02 on A at 48.29, Sell on B at 233.14, Profit: 1291759681973031.25
Arbitrage: Buy 10226208283251.09 on A at 45.64, Sell on B at 239.29, Profit: 1979419186934742.50
Arbitrage: Buy 14170290830065.59 on A at 46.89, Sell on B at 258.58, Profit: 2998329658994156.50
Arbitrage: Buy 35247189263643.02 on A at 27.35, Sell on B at 247.74, Profit: 7766060269152506.00
Arbitrage: Buy 68262790101830.01 on A at 25.49, Sell on B at 235.04, Profit: 14301058402387030.00
Arbitrage: Buy 107798950532006.73 on A at 29.39, Sell on B at 229.10, Profit: 21521830098210568.00
Arbitrage: Buy 119501261525359.00 on A at 44.51, Sell on B at 208.84, Profit: 19627861101921132.00
Arbitrage: Buy 183554229280236.28 on A at 39.66, Sell on B at 199.58, Profit: 29339323545706200.00
Arbitrage: Buy 320000776025422.31 on A at 31.91, Sell on B at 195.08, Profit: 52193557358617912.00
Arbitrage: Buy 566574010532834.62 on A at 27.22, Sell on B at 196.45, Profit: 95846324847105392.00
Arbitrage: Buy 680952368165748.38 on A at 36.71, Sell on B at 200.44, Profit: 111442416363710352.00
Arbitrage: Buy 895823065913927.38 on A at 40.33, Sell on B at 218.95, Profit: 159932437965070624.00
Arbitrage: Buy 1473220604843336.25 on A at 35.37, Sell on B at 227.79, Profit: 283374980144537952.00
Arbitrage: Buy 1969195445496017.75 on A at 40.84, Sell on B at 222.95, Profit: 358461379922110592.00
Arbitrage: Buy 2757925675200735.50 on A at 42.14, Sell on B at 210.86, Profit: 465067088748179136.00
Arbitrage: Buy 3118769543723791.50 on A at 52.16, Sell on B at 212.93, Profit: 501065525378967360.00
Arbitrage: Buy 4677939070016755.00 on A at 45.48, Sell on B at 203.68, Profit: 739632282493555712.00
Arbitrage: Buy 6738587922985529.00 on A at 42.54, Sell on B at 226.79, Profit: 1241038738105099264.00
Arbitrage: Buy 10542170570917410.00 on A at 38.95, Sell on B at 237.65, Profit: 2093935576884385536.00
Arbitrage: Buy 25144951340308716.00 on A at 24.65, Sell on B at 231.00, Profit: 5187507851221883904.00
Arbitrage: Buy 40724402287863696.00 on A at 27.94, Sell on B at 215.65, Profit: 7641730776278054912.00
Arbitrage: Buy 61555794787599536.00 on A at 30.89, Sell on B at 228.61, Profit: 12166787862548645888.00
Arbitrage: Buy 99660237564370128.00 on A at 31.28, Sell on B at 223.05, Profit: 19105982708070834176.00
Arbitrage: Buy 171733663463049664.00 on A at 29.26, Sell on B at 232.32, Profit: 34862066426537070592.00
Arbitrage: Buy 550892383779266240.00 on A at 15.44, Sell on B at 218.87, Profit: 112050169218061582336.00
Arbitrage: Buy 1702481847604860928.00 on A at 11.57, Sell on B at 214.80, Profit: 345956656177821777920.00
Arbitrage: Buy 6399044000460875776.00 on A at 8.48, Sell on B at 210.46, Profit: 1292376384994022785024.00
Arbitrage: Buy 231657107595447828480.00 on A at 0.79, Sell on B at 208.48, Profit: 48113248163601554866176.00
Arbitrage: Buy 1283369539057208000512.00 on A at 3.89, Sell on B at 209.91, Profit: 264393800219709927325696.00
Arbitrage: Buy 1360347162428558016512.00 on A at 23.08, Sell on B at 194.77, Profit: 233484518811342938832896.00
Arbitrage: Buy 2174794038644443709440.00 on A at 25.16, Sell on B at 189.72, Profit: 357760867331907652681728.00
Arbitrage: Buy 3222422694162833866752.00 on A at 28.07, Sell on B at 194.25, Profit: 535322153919556947542016.00
Arbitrage: Buy 5203290651585632272384.00 on A at 27.66, Sell on B at 196.52, Profit: 878311508621685826781184.00
Arbitrage: Buy 26294596044734983045120.00 on A at 8.81, Sell on B at 205.50, Profit: 5171312681822133248065536.00
Arbitrage: Buy 84262498243741239738368.00 on A at 8.88, Sell on B at 191.97, Profit: 15425823971924503957602304.00
Arbitrage: Buy 233192901137017723682816.00 on A at 9.82, Sell on B at 172.95, Profit: 38037906574497172795949056.00
Arbitrage: Buy 175059977136899817996288.00 on A at 34.78, Sell on B at 183.50, Profit: 26021599078622832592158720.00
Arbitrage: Buy 261752167699586144534528.00 on A at 33.20, Sell on B at 189.38, Profit: 40863833618705886046322688.00
Arbitrage: Buy 349464438936952668946432.00 on A at 36.55, Sell on B at 185.78, Profit: 52128363163165127379779584.00
Arbitrage: Buy 492133869020019978928128.00 on A at 36.53, Sell on B at 204.93, Profit: 82839561752802385629020160.00
Arbitrage: Buy 1042671206576034737553408.00 on A at 25.18, Sell on B at 205.40, Profit: 187853232509299132804890624.00
Arbitrage: Buy 1218671638269932871876608.00 on A at 36.94, Sell on B at 219.20, Profit: 222026652517516584408842240.00
Arbitrage: Buy 1500150912944270148108288.00 on A at 44.80, Sell on B at 217.26, Profit: 258592142243838530794029056.00
Arbitrage: Buy 1754009000400110181416960.00 on A at 53.04, Sell on B at 236.14, Profit: 320965346419938977038467072.00
Arbitrage: Buy 2825070373152330440769536.00 on A at 44.28, Sell on B at 257.99, Profit: 603485110021858450391171072.00
Arbitrage: Buy 3161222494431611373748224.00 on A at 58.64, Sell on B at 250.96, Profit: 607591503749923848797028352.00
Arbitrage: Buy 5473420178966461380820992.00 on A at 44.96, Sell on B at 256.87, Profit: 1159369516589363078048514048.00
Arbitrage: Buy 7073580233522624071729152.00 on A at 51.16, Sell on B at 260.74, Profit: 1481701117757422333717381120.00
Arbitrage: Buy 6947051082835206044909568.00 on A at 73.40, Sell on B at 270.02, Profit: 1364903509084256924988342272.00
Arbitrage: Buy 10124858430242051839754240.00 on A at 63.83, Sell on B at 257.52, Profit: 1959787676063802888338538496.00
Arbitrage: Buy 14393605024226943462014976.00 on A at 58.50, Sell on B at 265.55, Profit: 2978418995674860291352428544.00
Arbitrage: Buy 19046278374581899544756224.00 on A at 59.83, Sell on B at 275.68, Profit: 4108774828518763312512499712.00
Arbitrage: Buy 28115010781538598137102336.00 on A at 55.13, Sell on B at 262.35, Profit: 5822881378751681760851918848.00
Arbitrage: Buy 53346289617071707372126208.00 on A at 39.96, Sell on B at 254.03, Profit: 11415474945452942298613547008.00
Arbitrage: Buy 79845918001813924580687872.00 on A at 40.98, Sell on B at 232.39, Profit: 15276628281076549803256578048.00
Arbitrage: Buy 156334418279263421243326464.00 on A at 30.69, Sell on B at 227.62, Profit: 30777577743026688692922089472.00
Arbitrage: Buy 220143454982882028909756416.00 on A at 35.76, Sell on B at 233.93, Profit: 43609629160869736806262767616.00
Arbitrage: Buy 454577077123254842671759360.00 on A at 26.90, Sell on B at 250.19, Profit: 101477466816568335768003543040.00
Arbitrage: Buy 523367930016117087384109056.00 on A at 42.74, Sell on B at 248.95, Profit: 107879460136675156911479324672.00
Arbitrage: Buy 940559930895868732454731776.00 on A at 35.24, Sell on B at 266.81, Profit: 217740228615971686428373417984.00
Arbitrage: Buy 1696811733647955082080157696.00 on A at 32.35, Sell on B at 252.44, Profit: 373332742055585317288161574912.00
Arbitrage: Buy 2258380219804897913488801792.00 on A at 40.82, Sell on B at 236.26, Profit: 441185118643688277687278764032.00
Arbitrage: Buy 4723581651739671166344757248.00 on A at 28.85, Sell on B at 235.40, Profit: 975386773293401743560785526784.00
Arbitrage: Buy 7429381732184124148013858816.00 on A at 31.46, Sell on B at 237.52, Profit: 1530441810437258352126702125056.00
Arbitrage: Buy 8617299577688643203904831488.00 on A at 44.86, Sell on B at 242.01, Profit: 1698106864128618888696124407808.00
Arbitrage: Buy 19099838688791893618532024320.00 on A at 29.12, Sell on B at 224.31, Profit: 3726872051007990478308005380096.00
Arbitrage: Buy 29662916448229331968641204224.00 on A at 31.30, Sell on B at 220.15, Profit: 5599915767376343640125462282240.00
Arbitrage: Buy 43461567242426820268285493248.00 on A at 34.24, Sell on B at 211.13, Profit: 7684889990853360972796685975552.00
Arbitrage: Buy 53213797452793587306502029312.00 on A at 42.39, Sell on B at 218.03, Profit: 9342047400843017885760761102336.00
Arbitrage: Buy 105057994250904608211411664896.00 on A at 30.35, Sell on B at 225.98, Profit: 20545345791040195274734357708800.00
Arbitrage: Buy 299780401048628639405365526528.00 on A at 17.48, Sell on B at 219.91, Profit: 60673157024909734764902214533120.00
Arbitrage: Buy 490607443778499178932855635968.00 on A at 23.04, Sell on B at 214.36, Profit: 93840914022701243168756898725888.00
Arbitrage: Buy 784945516539330272625684381696.00 on A at 26.34, Sell on B at 199.33, Profit: 135741453954381946103294725193728.00
Arbitrage: Buy 1173262583897819026893058342912.00 on A at 29.18, Sell on B at 196.72, Profit: 196498518986526607713384733343744.00
Arbitrage: Buy 1633319971886240151033631211520.00 on A at 32.98, Sell on B at 207.02, Profit: 284158659637252159355109156847616.00
Arbitrage: Buy 3102231265331964359055702491136.00 on A at 26.51, Sell on B at 198.83, Profit: 534411494292547295493169084366848.00
Arbitrage: Buy 4649782297554115181219682451456.00 on A at 29.17, Sell on B at 201.79, Profit: 802358549085755570922319832416256.00
Arbitrage: Buy 6652833326136502897653346992128.00 on A at 32.44, Sell on B at 193.21, Profit: 1069190374882933867334334129635328.00
Arbitrage: Buy 12588185718550044559318278209536.00 on A at 25.63, Sell on B at 188.97, Profit: 2055521575998107964641608571289600.00
Arbitrage: Buy 11832235195382138174587315159040.00 on A at 44.62, Sell on B at 193.08, Profit: 1755521864262978448823190760194048.00
Arbitrage: Buy 14153570748184432064546977349632.00 on A at 49.69, Sell on B at 183.32, Profit: 1889837598440372882229572675829760.00
Arbitrage: Buy 23406567990622135514091220893696.00 on A at 38.11, Sell on B at 174.83, Profit: 3198278710374012587683488754302976.00
Arbitrage: Buy 26916617284070318162293553102848.00 on A at 45.01, Sell on B at 160.91, Profit: 3117083790686281823321279296438272.00
Arbitrage: Buy 42779331930312761059089217224704.00 on A at 35.60, Sell on B at 176.08, Profit: 6006303015073566467813210452918272.00
Arbitrage: Buy 48463589382245499283830340583424.00 on A at 43.81, Sell on B at 180.91, Profit: 6640013319625375959358744077271040.00
Arbitrage: Buy 50000190245107530796303464267776.00 on A at 55.73, Sell on B at 170.42, Profit: 5729062231338469301628130144813056.00
Arbitrage: Buy 70185019009305923317417604284416.00 on A at 47.86, Sell on B at 173.66, Profit: 8822842264395936120747245464190976.00
Arbitrage: Buy 73328757516844919653914378240000.00 on A at 57.82, Sell on B at 170.61, Profit: 8262091493858281023215423952257024.00
Arbitrage: Buy 81326885219097893427401101148160.00 on A at 62.29, Sell on B at 169.28, Profit: 8691181769794949012516653892632576.00
Arbitrage: Buy 83761812793516823061663628394496.00 on A at 70.84, Sell on B at 177.27, Profit: 8902659777946863127430621661495296.00
Arbitrage: Buy 75692131429816878827442551128064.00 on A at 90.14, Sell on B at 188.47, Profit: 7429287490883375099584303186575360.00
Arbitrage: Buy 85946270063379019912005382307840.00 on A at 88.02, Sell on B at 180.57, Profit: 7938745725953726921321599058575360.00
Arbitrage: Buy 103418754667658422761232837640192.00 on A at 80.82, Sell on B at 170.25, Profit: 9232424823751877764572479943081984.00
Arbitrage: Buy 128434639726278010388446521065472.00 on A at 72.26, Sell on B at 164.21, Profit: 11790666488798663041033978182107136.00
Arbitrage: Buy 162308465553065994777439483461632.00 on A at 64.44, Sell on B at 145.52, Profit: 13140100423005922996183979444404224.00
Arbitrage: Buy 183926468830908775184376061231104.00 on A at 64.00, Sell on B at 134.44, Profit: 12933058076202251842314063675654144.00
Arbitrage: Buy 192827770029208634382398001250304.00 on A at 67.75, Sell on B at 149.42, Profit: 15723238343347416359306862549532672.00
Arbitrage: Buy 206557589200138558950832634593280.00 on A at 70.85, Sell on B at 167.21, Profit: 19875396005176596908563237852676096.00
Arbitrage: Buy 209173662861202378179063626858496.00 on A at 79.45, Sell on B at 166.71, Profit: 18217565528981158653183661103382528.00
Arbitrage: Buy 230730447085856464754245778800640.00 on A at 79.92, Sell on B at 169.56, Profit: 20646072421447950940415596263636992.00
Arbitrage: Buy 216294276525940375718249191440384.00 on A at 94.79, Sell on B at 177.15, Profit: 17773526431256901789047620018110464.00
Arbitrage: Buy 240902556424117638589604580818944.00 on A at 92.48, Sell on B at 207.46, Profit: 27655757744137918946527520873250816.00
Arbitrage: Buy 208649750445872111413719421943808.00 on A at 120.01, Sell on B at 217.82, Profit: 20358158397341373643609251120152576.00
Arbitrage: Buy 213851356920612038705667228303360.00 on A at 126.60, Sell on B at 217.07, Profit: 19291769293759347373850317840973824.00
Arbitrage: Buy 245015426871391313702985939288064.00 on A at 118.37, Sell on B at 203.32, Profit: 20756094716002502605853590919577600.00
Arbitrage: Buy 287754329291248871639650265989120.00 on A at 107.99, Sell on B at 184.25, Profit: 21881260537044631550131716069785600.00
Arbitrage: Buy 293952772494161769157847112744960.00 on A at 113.15, Sell on B at 189.00, Profit: 22229118500589085154393970677121024.00
Arbitrage: Buy 318934659859015958780323288842240.00 on A at 111.25, Sell on B at 177.60, Profit: 21089331668619153960366358227058688.00
Arbitrage: Buy 316601155336812612377883290107904.00 on A at 118.72, Sell on B at 164.74, Profit: 14493472751129843904389692837068800.00
Arbitrage: Buy 315338776208853998333087195332608.00 on A at 123.79, Sell on B at 156.06, Profit: 10098277852587820979507643050622976.00
Arbitrage: Buy 324520487643017548020604947398656.00 on A at 123.40, Sell on B at 144.47, Profit: 6759806254680964234704631378214912.00
Arbitrage: Buy 353278555986832498020159529680896.00 on A at 115.26, Sell on B at 159.57, Profit: 15569938045767455851913351085948928.00
Arbitrage: Buy 420863252135246463149993822781440.00 on A at 100.45, Sell on B at 167.28, Profit: 28039559650760351420822817406451712.00
Arbitrage: Buy 467993868777044793169297146904576.00 on A at 96.32, Sell on B at 169.72, Profit: 34260924902720098080132820348436480.00
Arbitrage: Buy 460944165976737931413613206044672.00 on A at 105.22, Sell on B at 182.83, Profit: 35675666719575092883575383733043200.00
Arbitrage: Buy 483442977387877537625354170007552.00 on A at 107.69, Sell on B at 184.60, Profit: 37074651449639272012009302397026304.00
Arbitrage: Buy 583520880352465780941956566745088.00 on A at 95.57, Sell on B at 176.08, Profit: 46867273398365882405974209099464704.00
Arbitrage: Buy 619125548782886503923745210499072.00 on A at 97.64, Sell on B at 193.28, Profit: 59095586200948840074053730544123904.00
Arbitrage: Buy 651642050004769447498375011237888.00 on A at 101.82, Sell on B at 203.37, Profit: 66041271994846971786927556161175552.00
Arbitrage: Buy 781722637337276497043166119067648.00 on A at 93.32, Sell on B at 195.66, Profit: 79856700709331402926218729817636864.00
Arbitrage: Buy 850158241199126649637302584737792.00 on A at 95.19, Sell on B at 191.24, Profit: 81495997514899704381569749351399424.00
Arbitrage: Buy 926761593079402151430240421806080.00 on A at 96.11, Sell on B at 178.13, Profit: 75838316188000351306312125685694464.00
Arbitrage: Buy 1136833378913262438160782795472896.00 on A at 85.01, Sell on B at 162.26, Profit: 87624915336624464052947100224192512.00
Arbitrage: Buy 1185256475697560711133483646320640.00 on A at 88.93, Sell on B at 172.81, Profit: 99211798486053495868819505386881024.00
Arbitrage: Buy 1215489007152623108783151347924992.00 on A at 94.87, Sell on B at 187.75, Profit: 112668069696255425497715443643711488.00
Arbitrage: Buy 1193652659125233411799430117457920.00 on A at 106.03, Sell on B at 174.06, Profit: 80952042110721785764220489516974080.00
Arbitrage: Buy 1151816510211436702535361591508992.00 on A at 116.91, Sell on B at 181.00, Profit: 73551678747076844852144846349008896.00
Arbitrage: Buy 1372482588949274621511364146888704.00 on A at 103.46, Sell on B at 173.17, Profit: 95383018786062625089770090842292224.00
Arbitrage: Buy 1604863128042261785249782213640192.00 on A at 94.42, Sell on B at 171.34, Profit: 123142611556208703181055126140878848.00
Arbitrage: Buy 1639892357864804654681784548589568.00 on A at 99.90, Sell on B at 161.82, Profit: 101200435481653766554317458046451712.00
Arbitrage: Buy 1650671770094726829257891761881088.00 on A at 105.38, Sell on B at 149.26, Profit: 72091932566010767116444669929586688.00
Arbitrage: Buy 1633967456753432126238470424231936.00 on A at 110.86, Sell on B at 152.36, Profit: 67450105056715607576458589535993856.00
Buy 1098987602543856082402072200216576.00 at 169.39, Fee: 186160810425975521645854105534464.00
Sell 549493801271928041201036100108288.00 at 180.14, Fee: 98985816141618775895514061733888.00
Sell 274746900635964020600518050054144.00 at 177.22, Fee: 48690736855850016488686499135488.00
Sell 137373450317982010300259025027072.00 at 174.46, Fee: 23966035856704527266364717531136.00
Sell 68686725158991005150129512513536.00 at 191.81, Fee: 13175135072700382169642859233280.00
Sell 34343362579495502575064756256768.00 at 187.31, Fee: 6432751347413578023802064863232.00
Stop-Loss Sell 34343362579495502575064756256768.00 at 165.15, Fee: 5671731868282440679246882930688.00
Buy 1211657930472541704385450209181696.00 at 155.92, Fee: 188919790631631394874740497711104.00
Sell 605828965236270852192725104590848.00 at 168.56, Fee: 102120380970890003741712293298176.00
Sell 302914482618135426096362552295424.00 at 159.54, Fee: 48326056538825283524178797920256.00
Sell 151457241309067713048181276147712.00 at 162.12, Fee: 24553835139397883150117250269184.00
Sell 75728620654533856524090638073856.00 at 164.85, Fee: 12484095863656179967278117289984.00
Sell 37864310327266928262045319036928.00 at 168.26, Fee: 6371068424985900539776212140032.00
2025-08-22 00:07:46,542 - INFO - Training completed successfully.
2025-08-22 00:07:47,286 - INFO - Final Capital: $28123748.57, Profit: $28113748.57 (281137.49%)
2025-08-22 00:07:47,286 - INFO - Total Trades: 200, Types: {'Arbitrage': 191, 'Buy': 2, 'Sell': 7}, Fees: $636.23, Win Rate: 97.47%
2025-08-22 00:07:47,286 - INFO - Trade Log:
Arbitrage: Buy 21.02 on A at 47.57, Sell on B at 194.78, Profit: 3092.41
Arbitrage: Buy 19.70 on A at 66.43, Sell on B at 186.23, Profit: 2357.95
Arbitrage: Buy 23.18 on A at 66.63, Sell on B at 187.31, Profit: 2794.41
Arbitrage: Buy 32.34 on A at 56.39, Sell on B at 180.79, Profit: 4019.82
Arbitrage: Buy 34.26 on A at 64.95, Sell on B at 190.99, Profit: 4314.00
Arbitrage: Buy 50.05 on A at 53.07, Sell on B at 189.93, Profit: 6844.19
Arbitrage: Buy 60.18 on A at 55.50, Sell on B at 181.92, Profit: 7601.95
Arbitrage: Buy 113.14 on A at 36.23, Sell on B at 179.14, Profit: 16160.43
Arbitrage: Buy 245.38 on A at 23.29, Sell on B at 183.70, Profit: 39350.86
Arbitrage: Buy 376.92 on A at 25.59, Sell on B at 178.40, Profit: 57579.57
Arbitrage: Buy 462.27 on A at 33.31, Sell on B at 170.54, Profit: 63406.90
Arbitrage: Buy 614.65 on A at 35.36, Sell on B at 173.28, Profit: 84733.12
Arbitrage: Buy 874.40 on A at 34.53, Sell on B at 175.94, Profit: 123586.18
Arbitrage: Buy 1000.00 on A at 31.86, Sell on B at 171.16, Profit: 139238.62
Arbitrage: Buy 1000.00 on A at 17.41, Sell on B at 166.87, Profit: 149431.49
Arbitrage: Buy 1000.00 on A at 10.54, Sell on B at 169.38, Profit: 158815.05
Arbitrage: Buy 1000.00 on A at 6.27, Sell on B at 155.18, Profit: 148897.91
Arbitrage: Buy 1000.00 on A at 17.18, Sell on B at 141.41, Profit: 124198.22
Arbitrage: Buy 1000.00 on A at 20.95, Sell on B at 134.57, Profit: 113582.06
Arbitrage: Buy 1000.00 on A at 3.65, Sell on B at 132.91, Profit: 129250.20
Arbitrage: Buy 1000.00 on A at 7.23, Sell on B at 136.30, Profit: 129059.89
Arbitrage: Buy 1000.00 on A at 3.71, Sell on B at 151.34, Profit: 147619.10
Arbitrage: Buy 1000.00 on A at 3.73, Sell on B at 159.05, Profit: 155314.41
Arbitrage: Buy 1000.00 on A at 14.37, Sell on B at 159.09, Profit: 144693.49
Arbitrage: Buy 1000.00 on A at 24.02, Sell on B at 149.38, Profit: 125318.60
Arbitrage: Buy 1000.00 on A at 15.96, Sell on B at 149.40, Profit: 133407.23
Arbitrage: Buy 1000.00 on A at 13.20, Sell on B at 146.72, Profit: 133494.90
Arbitrage: Buy 1000.00 on A at 16.85, Sell on B at 150.28, Profit: 133401.52
Arbitrage: Buy 1000.00 on A at 26.94, Sell on B at 142.32, Profit: 115321.59
Arbitrage: Buy 1000.00 on A at 22.48, Sell on B at 148.01, Profit: 125482.20
Arbitrage: Buy 1000.00 on A at 20.96, Sell on B at 163.62, Profit: 142613.08
Arbitrage: Buy 1000.00 on A at 10.23, Sell on B at 162.90, Profit: 152643.70
Arbitrage: Buy 1000.00 on A at 7.06, Sell on B at 174.33, Profit: 167252.70
Arbitrage: Buy 1000.00 on A at 20.96, Sell on B at 170.72, Profit: 149721.41
Arbitrage: Buy 1000.00 on A at 20.57, Sell on B at 173.16, Profit: 152541.07
Arbitrage: Buy 1000.00 on A at 30.94, Sell on B at 173.82, Profit: 142817.55
Arbitrage: Buy 1000.00 on A at 34.90, Sell on B at 174.98, Profit: 140010.25
Arbitrage: Buy 1000.00 on A at 28.78, Sell on B at 167.54, Profit: 138704.18
Arbitrage: Buy 1000.00 on A at 32.73, Sell on B at 167.93, Profit: 135133.27
Arbitrage: Buy 1000.00 on A at 48.44, Sell on B at 173.48, Profit: 124937.44
Arbitrage: Buy 1000.00 on A at 48.42, Sell on B at 188.32, Profit: 139808.24
Arbitrage: Buy 1000.00 on A at 64.40, Sell on B at 198.30, Profit: 133769.12
Arbitrage: Buy 1000.00 on A at 38.54, Sell on B at 219.95, Profit: 181335.84
Arbitrage: Buy 1000.00 on A at 47.09, Sell on B at 212.73, Profit: 165551.63
Arbitrage: Buy 1000.00 on A at 48.29, Sell on B at 221.65, Profit: 173254.48
Arbitrage: Buy 1000.00 on A at 45.64, Sell on B at 224.02, Profit: 178288.30
Arbitrage: Buy 1000.00 on A at 46.89, Sell on B at 246.10, Profit: 199112.38
Arbitrage: Buy 1000.00 on A at 27.35, Sell on B at 238.18, Profit: 210780.72
Arbitrage: Buy 1000.00 on A at 25.49, Sell on B at 229.87, Profit: 204335.94
Arbitrage: Buy 1000.00 on A at 29.39, Sell on B at 224.20, Profit: 194747.95
Arbitrage: Buy 1000.00 on A at 44.51, Sell on B at 203.33, Profit: 158735.39
Arbitrage: Buy 1000.00 on A at 39.66, Sell on B at 198.17, Profit: 158429.12
Arbitrage: Buy 1000.00 on A at 31.91, Sell on B at 191.06, Profit: 159093.04
Arbitrage: Buy 1000.00 on A at 27.22, Sell on B at 192.88, Profit: 165597.36
Arbitrage: Buy 1000.00 on A at 36.71, Sell on B at 196.64, Profit: 159855.95
Arbitrage: Buy 1000.00 on A at 40.33, Sell on B at 215.70, Profit: 175288.43
Arbitrage: Buy 1000.00 on A at 35.37, Sell on B at 225.48, Profit: 190041.79
Arbitrage: Buy 1000.00 on A at 40.84, Sell on B at 220.08, Profit: 179164.65
Arbitrage: Buy 1000.00 on A at 42.14, Sell on B at 211.23, Profit: 168999.57
Arbitrage: Buy 1000.00 on A at 52.16, Sell on B at 216.29, Profit: 164018.66
Arbitrage: Buy 1000.00 on A at 45.48, Sell on B at 203.64, Profit: 158072.87
Arbitrage: Buy 1000.00 on A at 42.54, Sell on B at 222.57, Profit: 179947.48
Arbitrage: Buy 1000.00 on A at 38.95, Sell on B at 234.62, Profit: 195590.47
Arbitrage: Buy 1000.00 on A at 24.65, Sell on B at 230.12, Profit: 205416.79
Arbitrage: Buy 1000.00 on A at 27.94, Sell on B at 213.41, Profit: 185410.12
Arbitrage: Buy 1000.00 on A at 30.89, Sell on B at 227.22, Profit: 196273.18
Arbitrage: Buy 1000.00 on A at 31.28, Sell on B at 226.10, Profit: 194764.76
Arbitrage: Buy 1000.00 on A at 29.26, Sell on B at 238.59, Profit: 209265.12
Arbitrage: Buy 1000.00 on A at 15.44, Sell on B at 223.12, Profit: 207646.65
Arbitrage: Buy 1000.00 on A at 11.57, Sell on B at 217.57, Profit: 205974.46
Arbitrage: Buy 1000.00 on A at 8.48, Sell on B at 217.63, Profit: 209137.58
Arbitrage: Buy 1000.00 on A at 0.79, Sell on B at 218.25, Profit: 217453.99
Arbitrage: Buy 1000.00 on A at 3.89, Sell on B at 220.58, Profit: 216681.63
Arbitrage: Buy 1000.00 on A at 23.08, Sell on B at 209.90, Profit: 186764.64
Arbitrage: Buy 1000.00 on A at 25.16, Sell on B at 208.52, Profit: 183307.56
Arbitrage: Buy 1000.00 on A at 28.07, Sell on B at 210.28, Profit: 182145.85
Arbitrage: Buy 1000.00 on A at 27.66, Sell on B at 215.52, Profit: 187801.15
Arbitrage: Buy 1000.00 on A at 8.81, Sell on B at 223.08, Profit: 214255.10
Arbitrage: Buy 1000.00 on A at 8.88, Sell on B at 211.98, Profit: 203079.29
Arbitrage: Buy 1000.00 on A at 9.82, Sell on B at 196.67, Profit: 186833.89
Arbitrage: Buy 1000.00 on A at 34.78, Sell on B at 209.59, Profit: 174734.18
Arbitrage: Buy 1000.00 on A at 33.20, Sell on B at 213.42, Profit: 180153.59
Arbitrage: Buy 1000.00 on A at 36.55, Sell on B at 206.54, Profit: 169920.17
Arbitrage: Buy 1000.00 on A at 36.53, Sell on B at 222.64, Profit: 186035.06
Arbitrage: Buy 1000.00 on A at 25.18, Sell on B at 224.05, Profit: 198820.82
Arbitrage: Buy 1000.00 on A at 36.94, Sell on B at 236.31, Profit: 199294.71
Arbitrage: Buy 1000.00 on A at 44.80, Sell on B at 237.09, Profit: 192200.03
Arbitrage: Buy 1000.00 on A at 53.04, Sell on B at 257.86, Profit: 204714.66
Arbitrage: Buy 1000.00 on A at 44.28, Sell on B at 276.07, Profit: 231700.24
Arbitrage: Buy 1000.00 on A at 58.64, Sell on B at 273.52, Profit: 214756.52
Arbitrage: Buy 1000.00 on A at 44.96, Sell on B at 283.23, Profit: 238177.09
Arbitrage: Buy 1000.00 on A at 51.16, Sell on B at 289.77, Profit: 238507.58
Arbitrage: Buy 1000.00 on A at 73.40, Sell on B at 303.40, Profit: 229848.99
Arbitrage: Buy 1000.00 on A at 63.83, Sell on B at 293.81, Profit: 229855.77
Arbitrage: Buy 1000.00 on A at 58.50, Sell on B at 301.08, Profit: 242460.46
Arbitrage: Buy 1000.00 on A at 59.83, Sell on B at 311.93, Profit: 251978.25
Arbitrage: Buy 1000.00 on A at 55.13, Sell on B at 295.02, Profit: 239773.84
Arbitrage: Buy 1000.00 on A at 39.96, Sell on B at 283.80, Profit: 243754.28
Arbitrage: Buy 1000.00 on A at 40.98, Sell on B at 263.60, Profit: 222535.68
Arbitrage: Buy 1000.00 on A at 30.69, Sell on B at 261.03, Profit: 230272.81
Arbitrage: Buy 1000.00 on A at 35.76, Sell on B at 268.43, Profit: 232595.13
Arbitrage: Buy 1000.00 on A at 26.90, Sell on B at 283.87, Profit: 256911.60
Arbitrage: Buy 1000.00 on A at 42.74, Sell on B at 284.73, Profit: 241912.10
Arbitrage: Buy 1000.00 on A at 35.24, Sell on B at 301.47, Profit: 266158.72
Arbitrage: Buy 1000.00 on A at 32.35, Sell on B at 287.92, Profit: 255501.08
Arbitrage: Buy 1000.00 on A at 40.82, Sell on B at 271.27, Profit: 230363.18
Arbitrage: Buy 1000.00 on A at 28.85, Sell on B at 270.99, Profit: 242080.91
Arbitrage: Buy 1000.00 on A at 31.46, Sell on B at 274.97, Profit: 243449.28
Arbitrage: Buy 1000.00 on A at 44.86, Sell on B at 275.40, Profit: 230447.04
Arbitrage: Buy 1000.00 on A at 29.12, Sell on B at 255.31, Profit: 226129.32
Arbitrage: Buy 1000.00 on A at 31.30, Sell on B at 254.41, Profit: 223043.18
Arbitrage: Buy 1000.00 on A at 34.24, Sell on B at 242.05, Profit: 207748.70
Arbitrage: Buy 1000.00 on A at 42.39, Sell on B at 249.07, Profit: 206598.70
Arbitrage: Buy 1000.00 on A at 30.35, Sell on B at 253.46, Profit: 223043.58
Arbitrage: Buy 1000.00 on A at 17.48, Sell on B at 244.69, Profit: 227169.93
Arbitrage: Buy 1000.00 on A at 23.04, Sell on B at 239.81, Profit: 216726.70
Arbitrage: Buy 1000.00 on A at 26.34, Sell on B at 229.08, Profit: 202682.17
Arbitrage: Buy 1000.00 on A at 29.18, Sell on B at 228.55, Profit: 199312.68
Arbitrage: Buy 1000.00 on A at 32.98, Sell on B at 238.48, Profit: 205434.07
Arbitrage: Buy 1000.00 on A at 26.51, Sell on B at 229.09, Profit: 202525.70
Arbitrage: Buy 1000.00 on A at 29.17, Sell on B at 234.22, Profit: 204990.54
Arbitrage: Buy 1000.00 on A at 32.44, Sell on B at 228.88, Profit: 196379.21
Arbitrage: Buy 1000.00 on A at 25.63, Sell on B at 221.63, Profit: 195954.86
Arbitrage: Buy 1000.00 on A at 44.62, Sell on B at 221.40, Profit: 176694.29
Arbitrage: Buy 1000.00 on A at 49.69, Sell on B at 211.41, Profit: 161620.37
Arbitrage: Buy 1000.00 on A at 38.11, Sell on B at 205.86, Profit: 167673.08
Arbitrage: Buy 1000.00 on A at 45.01, Sell on B at 193.98, Profit: 148872.81
Arbitrage: Buy 1000.00 on A at 35.60, Sell on B at 213.44, Profit: 177770.27
Arbitrage: Buy 1000.00 on A at 43.81, Sell on B at 214.58, Profit: 170681.81
Arbitrage: Buy 1000.00 on A at 55.73, Sell on B at 207.50, Profit: 151660.55
Arbitrage: Buy 1000.00 on A at 47.86, Sell on B at 210.06, Profit: 162106.34
Arbitrage: Buy 1000.00 on A at 57.82, Sell on B at 209.02, Profit: 151081.51
Arbitrage: Buy 1000.00 on A at 62.29, Sell on B at 207.21, Profit: 144794.87
Arbitrage: Buy 1000.00 on A at 70.84, Sell on B at 213.85, Profit: 142866.96
Arbitrage: Buy 1000.00 on A at 90.14, Sell on B at 222.13, Profit: 131803.84
Arbitrage: Buy 1000.00 on A at 88.02, Sell on B at 216.83, Profit: 128627.04
Arbitrage: Buy 1000.00 on A at 80.82, Sell on B at 210.85, Profit: 129867.84
Arbitrage: Buy 1000.00 on A at 72.26, Sell on B at 208.02, Profit: 135616.68
Arbitrage: Buy 1000.00 on A at 64.44, Sell on B at 185.79, Profit: 121228.77
Arbitrage: Buy 1000.00 on A at 64.00, Sell on B at 171.41, Profit: 107278.91
Arbitrage: Buy 1000.00 on A at 67.75, Sell on B at 185.52, Profit: 117641.37
Arbitrage: Buy 1000.00 on A at 70.85, Sell on B at 202.42, Profit: 131434.92
Arbitrage: Buy 1000.00 on A at 79.45, Sell on B at 200.46, Profit: 120848.70
Arbitrage: Buy 1000.00 on A at 79.92, Sell on B at 206.18, Profit: 126101.15
Arbitrage: Buy 1000.00 on A at 94.79, Sell on B at 210.12, Profit: 115139.22
Arbitrage: Buy 1000.00 on A at 92.48, Sell on B at 241.14, Profit: 148482.50
Arbitrage: Buy 1000.00 on A at 120.01, Sell on B at 252.53, Profit: 132281.57
Arbitrage: Buy 1000.00 on A at 126.60, Sell on B at 251.61, Profit: 124755.31
Arbitrage: Buy 1000.00 on A at 118.37, Sell on B at 241.84, Profit: 123239.47
Arbitrage: Buy 1000.00 on A at 107.99, Sell on B at 225.71, Profit: 117498.41
Arbitrage: Buy 1000.00 on A at 113.15, Sell on B at 228.37, Profit: 114989.38
Arbitrage: Buy 1000.00 on A at 111.25, Sell on B at 220.62, Profit: 109150.82
Arbitrage: Buy 1000.00 on A at 118.72, Sell on B at 206.86, Profit: 87900.98
Arbitrage: Buy 1000.00 on A at 123.79, Sell on B at 200.42, Profit: 76375.92
Arbitrage: Buy 1000.00 on A at 123.40, Sell on B at 189.80, Profit: 66151.04
Arbitrage: Buy 1000.00 on A at 115.26, Sell on B at 206.74, Profit: 91240.94
Arbitrage: Buy 1000.00 on A at 100.45, Sell on B at 215.70, Profit: 115052.98
Arbitrage: Buy 1000.00 on A at 96.32, Sell on B at 216.24, Profit: 119725.05
Arbitrage: Buy 1000.00 on A at 105.22, Sell on B at 231.11, Profit: 125683.51
Arbitrage: Buy 1000.00 on A at 107.69, Sell on B at 232.31, Profit: 124396.58
Arbitrage: Buy 1000.00 on A at 95.57, Sell on B at 224.00, Profit: 128234.46
Arbitrage: Buy 1000.00 on A at 97.64, Sell on B at 239.77, Profit: 141942.15
Arbitrage: Buy 1000.00 on A at 101.82, Sell on B at 246.07, Profit: 144039.48
Arbitrage: Buy 1000.00 on A at 93.32, Sell on B at 236.33, Profit: 142827.51
Arbitrage: Buy 1000.00 on A at 95.19, Sell on B at 234.39, Profit: 139007.50
Arbitrage: Buy 1000.00 on A at 96.11, Sell on B at 225.35, Profit: 129046.48
Arbitrage: Buy 1000.00 on A at 85.01, Sell on B at 211.54, Profit: 126353.93
Arbitrage: Buy 1000.00 on A at 88.93, Sell on B at 221.26, Profit: 132157.20
Arbitrage: Buy 1000.00 on A at 94.87, Sell on B at 240.09, Profit: 145028.54
Arbitrage: Buy 1000.00 on A at 106.03, Sell on B at 226.43, Profit: 120185.11
Arbitrage: Buy 1000.00 on A at 116.91, Sell on B at 232.53, Profit: 115386.54
Arbitrage: Buy 1000.00 on A at 103.46, Sell on B at 226.13, Profit: 122457.51
Arbitrage: Buy 1000.00 on A at 94.42, Sell on B at 221.96, Profit: 127354.08
Arbitrage: Buy 1000.00 on A at 99.90, Sell on B at 215.83, Profit: 115726.74
Arbitrage: Buy 1000.00 on A at 105.38, Sell on B at 206.94, Profit: 101349.75
Arbitrage: Buy 1000.00 on A at 110.86, Sell on B at 208.07, Profit: 96991.00
Arbitrage: Buy 1000.00 on A at 149.72, Sell on B at 200.09, Profit: 50070.16
Arbitrage: Buy 1000.00 on A at 155.77, Sell on B at 203.40, Profit: 47318.38
Arbitrage: Buy 1000.00 on A at 167.46, Sell on B at 203.14, Profit: 35344.98
Arbitrage: Buy 1000.00 on A at 177.33, Sell on B at 200.72, Profit: 23036.12
Arbitrage: Buy 1000.00 on A at 184.18, Sell on B at 192.44, Profit: 7887.51
Arbitrage: Buy 1000.00 on A at 181.36, Sell on B at 187.43, Profit: 5706.72
Arbitrage: Buy 1000.00 on A at 189.29, Sell on B at 195.60, Profit: 5935.09
Arbitrage: Buy 1000.00 on A at 181.89, Sell on B at 200.61, Profit: 18358.10
Arbitrage: Buy 1000.00 on A at 179.86, Sell on B at 191.30, Profit: 11085.77
Arbitrage: Buy 1000.00 on A at 175.34, Sell on B at 192.43, Profit: 16739.04
Arbitrage: Buy 1000.00 on A at 176.49, Sell on B at 199.68, Profit: 22833.58
Arbitrage: Buy 1000.00 on A at 181.63, Sell on B at 189.16, Profit: 7166.14
Arbitrage: Buy 1000.00 on A at 173.04, Sell on B at 189.50, Profit: 16115.67
Arbitrage: Buy 1000.00 on A at 168.65, Sell on B at 181.73, Profit: 12739.40
Buy 1000.00 at 169.39, Fee: 169.39
Sell 500.00 at 177.22, Fee: 88.61
Sell 250.00 at 174.46, Fee: 43.61
Sell 125.00 at 187.31, Fee: 23.41
Stop-Loss Sell 125.00 at 165.15, Fee: 20.64
Arbitrage: Buy 1000.00 on A at 140.90, Sell on B at 147.83, Profit: 6645.69
Buy 1000.00 at 155.92, Fee: 155.92
Sell 500.00 at 168.56, Fee: 84.28
Sell 250.00 at 159.54, Fee: 39.88
Sell 125.00 at 164.85, Fee: 20.61
Sell 62.50 at 168.26, Fee: 10.52
2025-08-22 00:22:36,951 - INFO - Training completed successfully.
2025-08-22 00:22:37,679 - ERROR - Simulation failed: name 'np' is not defined
2025-08-22 00:23:41,798 - INFO - Training completed successfully.
2025-08-22 00:23:42,614 - ERROR - Simulation failed: name 'np' is not defined
2025-08-22 00:24:49,375 - INFO - Training completed successfully.
2025-08-22 00:24:50,138 - ERROR - Simulation failed: 'NoneType' object has no attribute 'group'
